// Vitest Snapshot v1

exports[`test this sum file > test sum 1`] = `2`;
